vie 26 jun 2026 19:14:49 CEST - Experimento tarea 8 terminado
========================================
Running task 7 | isolated 0
========================================
❌ Error en task 7 | iso 0
========================================
Running task 7 | isolated 1
========================================
❌ Error en task 7 | iso 1
========================================
Running task 7 | isolated 2
========================================
❌ Error en task 7 | iso 2
========================================
Running task 7 | isolated 3
========================================
❌ Error en task 7 | iso 3
========================================
Running task 7 | isolated 4
========================================
❌ Error en task 7 | iso 4
========================================
Running task 7 | isolated 5
========================================
❌ Error en task 7 | iso 5
========================================
Running task 7 | isolated 6
========================================
❌ Error en task 7 | iso 6
========================================
Running task 7 | isolated 7
========================================
❌ Error en task 7 | iso 7
========================================
Running task 7 | isolated 8
========================================
❌ Error en task 7 | iso 8
========================================
Running task 7 | isolated 9
========================================
❌ Error en task 7 | iso 9
========================================
Running task 7 | isolated 10
========================================
❌ Error en task 7 | iso 10
========================================
Running task 7 | isolated 11
========================================
❌ Error en task 7 | iso 11
========================================
Running task 7 | isolated 12
========================================
❌ Error en task 7 | iso 12
========================================
Running task 7 | isolated 13
========================================
❌ Error en task 7 | iso 13
⏭️ Skipping isolated 14
========================================
Running task 7 | isolated 15
========================================
❌ Error en task 7 | iso 15
========================================
Running task 7 | isolated 16
========================================
❌ Error en task 7 | iso 16
========================================
Running task 7 | isolated 17
========================================
❌ Error en task 7 | iso 17
========================================
Running task 7 | isolated 18
========================================
❌ Error en task 7 | iso 18
========================================
Running task 7 | isolated 19
========================================
❌ Error en task 7 | iso 19
========================================
Running task 7 | isolated 20
========================================
❌ Error en task 7 | iso 20
========================================
Running task 7 | isolated 21
========================================
❌ Error en task 7 | iso 21
========================================
Running task 7 | isolated 22
========================================
❌ Error en task 7 | iso 22
⏭️ Skipping isolated 23
========================================
Running task 7 | isolated 24
========================================
❌ Error en task 7 | iso 24
========================================
Running task 7 | isolated 25
========================================
❌ Error en task 7 | iso 25
========================================
Running task 7 | isolated 26
========================================
❌ Error en task 7 | iso 26
========================================
Running task 7 | isolated 27
========================================
❌ Error en task 7 | iso 27
========================================
Running task 7 | isolated 28
========================================
❌ Error en task 7 | iso 28
========================================
Running task 7 | isolated 29
========================================
❌ Error en task 7 | iso 29
========================================
Running task 7 | isolated 30
========================================
❌ Error en task 7 | iso 30
========================================
Running task 7 | isolated 31
========================================
❌ Error en task 7 | iso 31
========================================
Running task 7 | isolated 32
========================================
❌ Error en task 7 | iso 32
========================================
Running task 7 | isolated 33
========================================
❌ Error en task 7 | iso 33
========================================
Running task 7 | isolated 34
========================================
❌ Error en task 7 | iso 34
========================================
Running task 7 | isolated 35
========================================
❌ Error en task 7 | iso 35
========================================
Running task 7 | isolated 36
========================================
❌ Error en task 7 | iso 36
========================================
Running task 7 | isolated 37
========================================
❌ Error en task 7 | iso 37
========================================
Running task 7 | isolated 38
========================================
❌ Error en task 7 | iso 38
========================================
Running task 7 | isolated 39
========================================
❌ Error en task 7 | iso 39
========================================
Running task 7 | isolated 40
========================================
❌ Error en task 7 | iso 40
========================================
Running task 7 | isolated 41
========================================
❌ Error en task 7 | iso 41
========================================
Running task 7 | isolated 42
========================================
❌ Error en task 7 | iso 42
========================================
Running task 7 | isolated 43
========================================
❌ Error en task 7 | iso 43
========================================
Running task 7 | isolated 44
========================================
❌ Error en task 7 | iso 44
========================================
Running task 7 | isolated 45
========================================
❌ Error en task 7 | iso 45
========================================
Running task 7 | isolated 46
========================================
❌ Error en task 7 | iso 46
========================================
Running task 7 | isolated 47
========================================
❌ Error en task 7 | iso 47
========================================
Running task 7 | isolated 48
========================================
❌ Error en task 7 | iso 48
========================================
Running task 7 | isolated 49
========================================
❌ Error en task 7 | iso 49
========================================
Running task 7 | isolated 50
========================================
❌ Error en task 7 | iso 50
========================================
Running task 7 | isolated 51
========================================
❌ Error en task 7 | iso 51
========================================
Running task 7 | isolated 52
========================================
❌ Error en task 7 | iso 52
========================================
Running task 7 | isolated 53
========================================
❌ Error en task 7 | iso 53
========================================
Running task 7 | isolated 54
========================================
❌ Error en task 7 | iso 54
========================================
Running task 7 | isolated 55
========================================
❌ Error en task 7 | iso 55
========================================
Running task 7 | isolated 56
========================================
❌ Error en task 7 | iso 56
========================================
Running task 7 | isolated 57
========================================
❌ Error en task 7 | iso 57
========================================
Running task 7 | isolated 58
========================================
❌ Error en task 7 | iso 58
========================================
Running task 7 | isolated 59
========================================
❌ Error en task 7 | iso 59
========================================
Running task 7 | isolated 60
========================================
❌ Error en task 7 | iso 60
========================================
Running task 7 | isolated 61
========================================
❌ Error en task 7 | iso 61
========================================
Running task 7 | isolated 62
========================================
❌ Error en task 7 | iso 62
========================================
Running task 7 | isolated 63
========================================
❌ Error en task 7 | iso 63
========================================
Running task 7 | isolated 64
========================================
❌ Error en task 7 | iso 64
========================================
Running task 7 | isolated 65
========================================
❌ Error en task 7 | iso 65
========================================
Running task 7 | isolated 66
========================================
❌ Error en task 7 | iso 66
========================================
Running task 7 | isolated 67
========================================
❌ Error en task 7 | iso 67
========================================
Running task 7 | isolated 68
========================================
❌ Error en task 7 | iso 68
========================================
Running task 7 | isolated 69
========================================
❌ Error en task 7 | iso 69
========================================
Running task 7 | isolated 70
========================================
❌ Error en task 7 | iso 70
========================================
Running task 7 | isolated 71
========================================
❌ Error en task 7 | iso 71
========================================
Running task 7 | isolated 72
========================================
❌ Error en task 7 | iso 72
========================================
Running task 7 | isolated 73
========================================
❌ Error en task 7 | iso 73
========================================
Running task 7 | isolated 74
========================================
❌ Error en task 7 | iso 74
✅ Experimentos completados
